// Vitest Snapshot v1, https://vitest.dev/guide/snapshot.html

exports[`AccessibilityModal.svelte > should render component 1`] = `
<body>
  <div>
    <div
      class="border-2 border-gray-200 rounded-xl bg-white w-full dark:border-yellow-300 w-full max-w-4xl p-4  s-u_aBuH8kPm0b"
    >
      <div
        class="flex flex-col s-dFbO1oczX-LX"
      >
        <div
          class="flex justify-end s-dFbO1oczX-LX"
        >
          <button
            class="p-2 focus:border-2 focus:border-blue-600 dark:text-yellow-300 s-dFbO1oczX-LX"
          >
            X
          </button>
        </div>
         
        <div
          class="s-dFbO1oczX-LX"
        >
          <h3
            class="dark:text-yellow-300 s-dFbO1oczX-LX"
          >
            Juurdepääsetavus
          </h3>
           
          <p
            class="dark:text-yellow-300 s-dFbO1oczX-LX"
          >
            Veebileht on disainitud põhimõttega, et lehel olev informatsioon ning funktsionaalsused on
				ligipääsetavad võimalikult paljudele inimestele.
          </p>
           
          <br
            class="s-dFbO1oczX-LX"
          />
        </div>
         
        <div
          class="s-dFbO1oczX-LX"
        >
          <h3
            class="dark:text-yellow-300 s-dFbO1oczX-LX"
          >
            Teksti suurus
          </h3>
           
          <p
            class="dark:text-yellow-300 s-dFbO1oczX-LX"
          >
            Enimkasutatavad veebibrauserid pakuvad võimalust suurendada või vähendada teksti suurust
				Ctrl nupu (Cmd nupp OS X operatsioonisüsteemi korral) all hoidmise ning + või - vajutamise
				kaudu. Teine võimalus on kasutada arvutihiirt: hoides all Ctrl nuppu ning liigutades
				rullikut samaaegselt. Sätete taastamiseks saab korraga alla vajutada Ctrl ja 0.
          </p>
           
          <br
            class="s-dFbO1oczX-LX"
          />
        </div>
         
        <div
          class="s-dFbO1oczX-LX"
        >
          <h3
            class="dark:text-yellow-300 s-dFbO1oczX-LX"
          >
            Kontrast
          </h3>
           
          <br
            class="s-dFbO1oczX-LX"
          />
           
          <div
            class="flex flex-row w-full xl:w-1/2 justify-between s-dFbO1oczX-LX"
          >
            <button
              autofocus=""
              class="text-xl border-2 border-primary-200 rounded-xl py-2 px-3 hover:bg-primary-200 dark:text-yellow-300 dark:border-yellow-300 dark:hover:bg-gray-900 focus:border-blue-600 focus:first s-dFbO1oczX-LX"
            >
              Tava sätted
            </button>
             
            <button
              class="text-xl focus:border-2 bg-gray-800 text-white rounded-xl py-2 px-3 focus:border-blue-600 hover:bg-gray-900 dark:text-yellow-300 s-dFbO1oczX-LX"
            >
              Must taust ja 
              <span
                class="text-yellow-300 s-dFbO1oczX-LX"
              >
                kollane tekst
              </span>
            </button>
          </div>
        </div>
      </div>
    </div>
    <!--&lt;Section&gt;-->
    <!--&lt;AccessibilityModal&gt;-->
  </div>
</body>
`;
