// Vitest Snapshot v1, https://vitest.dev/guide/snapshot.html

exports[`CourseTopic.svelte > should render component 1`] = `
<body>
  <div>
    <div
      class="border-2 border-gray-200 rounded-xl bg-white w-full dark:border-yellow-300 flex flex-col p-8 max-w-2xl lg:max-w-5xl  s-u_aBuH8kPm0b"
    >
      <div>
        <p
          class="text-3xl text-semibold"
        >
          TEST TOPIC
        </p>
      </div>
       
      <div
        class="py-8"
      >
        <p>
          TEST DESCRIPTION
        </p>
      </div>
       
      <div
        class="flex flex-col"
      >
        <p>
          ÃœLESANDED
        </p>
         
        <div
          class="grid grid-cols-1 lg:grid-cols-2 gap-4"
        >
          <div
            class="flex flex-col bg-gray-100 rounded-xl lg:h-36 p-2 border-gray-200 border-2 max-w-xl dark:bg-black dark:border-yellow-300"
          >
            <div
              class="flex flex-col lg:flex-row justify-between"
            >
              <div
                class=""
              >
                <p>
                  TEST TOPIC
                </p>
              </div>
               
              <div
                class="flex flex-row justify-start lg:justify-end"
              >
                <div
                  class="mx-1"
                >
                  <div
                    class="rounded-full bg-gray-200 px-2 dark:bg-black "
                  >
                    <span
                      class="text-gray-600 dark:text-yellow-300"
                    >
                      test tag
                    </span>
                  </div>
                  <!--&lt;Pill&gt;-->
                   
                </div>
              </div>
            </div>
             
            <div
              class="w-full py-2"
            >
              <p
                class="text-xl font-bold"
              >
                TEST TITLE
              </p>
            </div>
             
            <div
              class="flex flex-row w-full justify-between pt-3"
            >
              <div
                class="flex flex-col"
              >
                <p
                  class="font-bold"
                >
                  00:00:00
                </p>
                 
                <p
                  class="font-thin"
                >
                  01.01.1970
                </p>
              </div>
               
              <div
                class="flex items-center"
              >
                <a
                  class="bg-primary-200 text-white hover:bg-primary-300 rounded-sm p-2 flex flex-row dark:bg-black dark:border-2 dark:border-yellow-300 dark:bg-gray-900 hover:dark:bg-black"
                  data-testid="assignment-1-solve-button"
                  href="/courses/0/assignments/1"
                >
                  <span
                    class="dark:text-yellow-300"
                  >
                    Lahenda
                  </span>
                   
                  <span
                    class="pl-2"
                  >
                    <svg
                      clip-rule="evenodd"
                      fill="white"
                      fill-rule="evenodd"
                      height="24"
                      stroke="white"
                      width="24"
                      xmlns="http://www.w3.org/2000/svg"
                    >
                      <path
                        d="M21.883 12l-7.527 6.235.644.765 9-7.521-9-7.479-.645.764 7.529 6.236h-21.884v1h21.883z"
                      />
                    </svg>
                    <!--&lt;RightArrow&gt;-->
                  </span>
                </a>
              </div>
            </div>
          </div>
          <!--&lt;AssignmentOverview&gt;-->
        </div>
      </div>
    </div>
    <!--&lt;Section&gt;-->
    <!--&lt;CourseTopic&gt;-->
  </div>
</body>
`;
