// Vitest Snapshot v1, https://vitest.dev/guide/snapshot.html

exports[`Section.svelte > should render component 1`] = `
<body>
  <div>
    <div
      class="border-2 border-gray-200 rounded-xl bg-white w-full dark:border-yellow-300  s-u_aBuH8kPm0b"
    />
    <!--&lt;Section&gt;-->
  </div>
</body>
`;
